// Jest Snapshot v1, https://goo.gl/fbAQLP

exports[`Header should include all elements 1`] = `
HeaderComponent {
  "header": <nav
    class="navbar navbar-expand navbar-dark bg-dark"
  >
    
        
    <a
      class="navbar-brand"
      href="#"
    >
      Simple TODO App!
    </a>
    
            
    <form
      class="form-inline bg-dark"
    >
      
            
      <input
        class="form-control mr-sm-2"
        id="search-input"
        placeholder="Поиск таска"
        type="search"
      />
      
            
            
      <div
        class="dropdown bg-dark position-relative"
        id="dropdown"
      >
        
                
        <button
          aria-expanded="false"
          aria-haspopup="true"
          class="btn btn-secondary dropdown-toggle"
          data-bs-toggle="dropdown"
          id="dropdownMenuButton"
          type="button"
        >
          
                    Сортировка
                
        </button>
        
                
                
        <div
          aria-labelledby="dropdownMenuButton"
          class="dropdown-menu"
        >
          
                    
          <div
            class="dropdown-item"
            data-value="newer"
          >
            Сначала новые
          </div>
          
                    
          <div
            class="dropdown-item"
            data-value="older"
          >
            Сначала старые
          </div>
          
                
        </div>
        
            
      </div>
      
        
    </form>
    
        
        
    <button
      class="btn btn-warning my-2 my-sm-0"
      data-bs-target="#exampleModalCenter"
      data-bs-toggle="modal"
      id="add-btn"
      type="button"
    >
      Новый таск
    </button>
    
    
  </nav>,
}
`;
